Global M68K Construktors
	_INIT_3_TimerBase
Global M68K Destruktors
	_EXIT_3_TimerBase
No Global PPC Construktors
No Global PPC Destruktors

M68K Code


  Hunk #0 ( Far Public ) 4980 Bytes (0x1374)
  ___LibOpen = 80 (0x50) unused, maybe local
    File Transfer:dev/Worldmap/WorldmapMCC/lib.o
  ___LibClose = 84 (0x54) unused, maybe local
    File Transfer:dev/Worldmap/WorldmapMCC/lib.o
  _MCC_Query = 86 (0x56) referenced 1 times
    File Transfer:dev/Worldmap/WorldmapMCC/lib.o
  __THISSHAREDLIBRARYBASESIZE = 114 (0x72) referenced 2 times
    File Transfer:dev/Worldmap/WorldmapMCC/lib.o
  _mSetup = 490 (0x1ea) unused, maybe local
    File Transfer:dev/Worldmap/WorldmapMCC/lib.o
  _mCleanup = 622 (0x26e) unused, maybe local
    File Transfer:dev/Worldmap/WorldmapMCC/lib.o
  _mAskMinMax = 692 (0x2b4) unused, maybe local
    File Transfer:dev/Worldmap/WorldmapMCC/lib.o
  _mDraw = 780 (0x30c) unused, maybe local
    File Transfer:dev/Worldmap/WorldmapMCC/lib.o
  _mHandleEvent = 1356 (0x54c) unused, maybe local
    File Transfer:dev/Worldmap/WorldmapMCC/lib.o
  _mGet = 1672 (0x688) unused, maybe local
    File Transfer:dev/Worldmap/WorldmapMCC/lib.o
  _mSet = 1870 (0x74e) unused, maybe local
    File Transfer:dev/Worldmap/WorldmapMCC/lib.o
  _mZoomIn = 2120 (0x848) unused, maybe local
    File Transfer:dev/Worldmap/WorldmapMCC/lib.o
  _mZoomOut = 2208 (0x8a0) unused, maybe local
    File Transfer:dev/Worldmap/WorldmapMCC/lib.o
  _mReset = 2296 (0x8f8) unused, maybe local
    File Transfer:dev/Worldmap/WorldmapMCC/lib.o
  _mPanNorth = 2354 (0x932) unused, maybe local
    File Transfer:dev/Worldmap/WorldmapMCC/lib.o
  _mPanSouth = 2420 (0x974) unused, maybe local
    File Transfer:dev/Worldmap/WorldmapMCC/lib.o
  _mPanWest = 2486 (0x9b6) unused, maybe local
    File Transfer:dev/Worldmap/WorldmapMCC/lib.o
  _mPanEast = 2552 (0x9f8) unused, maybe local
    File Transfer:dev/Worldmap/WorldmapMCC/lib.o
  _WorldmapDispatcher = 2620 (0xa3c) unused, maybe local
    File Transfer:dev/Worldmap/WorldmapMCC/lib.o
  _get_map_coords = 3088 (0xc10) unused, maybe local
    File Transfer:dev/Worldmap/WorldmapMCC/lib.o
  _project_points = 3376 (0xd30) unused, maybe local
    File Transfer:dev/Worldmap/WorldmapMCC/lib.o
  _screen_to_lonlat = 3684 (0xe64) unused, maybe local
    File Transfer:dev/Worldmap/WorldmapMCC/lib.o
  _draw_cross = 3924 (0xf54) unused, maybe local
    File Transfer:dev/Worldmap/WorldmapMCC/lib.o
  _NextTagItem = 4108 (0x100c) referenced 1 times
    File Boot:dev/c/StormC/Lib/amiga.lib
  _DoMethod = 4128 (0x1020) referenced 1 times
    File Boot:dev/c/StormC/Lib/amiga.lib
  _DoSuperMethod = 4148 (0x1034) unused, maybe local
    File Boot:dev/c/StormC/Lib/amiga.lib
  _CoerceMethod = 4174 (0x104e) unused, maybe local
    File Boot:dev/c/StormC/Lib/amiga.lib
  _CoerceMethodA = 4196 (0x1064) unused, maybe local
    File Boot:dev/c/StormC/Lib/amiga.lib
  _DoMethodA = 4232 (0x1088) unused, maybe local
    File Boot:dev/c/StormC/Lib/amiga.lib
  _DoSuperMethodA = 4252 (0x109c) referenced 1 times
    File Boot:dev/c/StormC/Lib/amiga.lib
  _SetSuperAttrs = 4278 (0x10b6) unused, maybe local
    File Boot:dev/c/StormC/Lib/amiga.lib
  _LibInit = 4336 (0x10f0) referenced 1 times
    File Boot:dev/c/StormC/StormSYS/lib/stormclibstartup020.lib
  _abortLibInit = 4432 (0x1150) referenced 1 times
    File Boot:dev/c/StormC/StormSYS/lib/stormclibstartup020.lib
  _LibOpen = 4444 (0x115c) referenced 1 times
    File Boot:dev/c/StormC/StormSYS/lib/stormclibstartup020.lib
  ___LibOpen = 4472 (0x1178) unused, maybe local
    File Boot:dev/c/StormC/StormSYS/lib/stormclibstartup020.lib
  _LibClose = 4476 (0x117c) referenced 1 times
    File Boot:dev/c/StormC/StormSYS/lib/stormclibstartup020.lib
  ___LibClose = 4512 (0x11a0) unused, maybe local
    File Boot:dev/c/StormC/StormSYS/lib/stormclibstartup020.lib
  _LibExpunge = 4516 (0x11a4) referenced 1 times
    File Boot:dev/c/StormC/StormSYS/lib/stormclibstartup020.lib
  _LibNull = 4612 (0x1204) referenced 1 times
    File Boot:dev/c/StormC/StormSYS/lib/stormclibstartup020.lib
  _InitModules = 4652 (0x122c) referenced 1 times
    File Boot:dev/c/StormC/StormSYS/lib/stormclibstartup020.lib
  _CleanupModules = 4724 (0x1274) referenced 2 times
    File Boot:dev/c/StormC/StormSYS/lib/stormclibstartup020.lib
  _INIT_3_TimerBase = 4788 (0x12b4) unused, maybe local
    File Boot:dev/c/StormC/StormSYS/lib/stormclibstartup020.lib
  _EXIT_3_TimerBase = 4924 (0x133c) unused, maybe local
    File Boot:dev/c/StormC/StormSYS/lib/stormclibstartup020.lib

PowerPC Code


Data


  Hunk #1 ( Far Public ) 20916 Bytes (0x51b4)
  _SysBase = 0 (0x0) referenced 5 times
    File Boot:dev/c/StormC/StormSYS/startups/library_startup.o
  _coastline_lengths = 8 (0x8) unused, maybe local
    File Transfer:dev/Worldmap/WorldmapMCC/lib.o
  _coastline_points = 276 (0x114) unused, maybe local
    File Transfer:dev/Worldmap/WorldmapMCC/lib.o
  _TimerPort = 20788 (0x5134) unused, maybe local
    File Transfer:dev/Worldmap/WorldmapMCC/lib.o
  _MyTimerBase = 20792 (0x5138) unused, maybe local
    File Transfer:dev/Worldmap/WorldmapMCC/lib.o
  _WorldMapMCC = 20796 (0x513c) unused, maybe local
    File Transfer:dev/Worldmap/WorldmapMCC/lib.o
  ___init_table68k = 20824 (0x5158) referenced 2 times
    File <Internal Assembled>
  ___exit_table68k = 20832 (0x5160) referenced 1 times
    File <Internal Assembled>
  __LIBRARYJUMPTABLE = 20840 (0x5168) referenced 1 times
    File <Internal Assembled>
  _LibNameString = 20864 (0x5180) referenced 1 times
    File <Internal Assembled>
  _LibVersionString = 20878 (0x518e) referenced 1 times
    File <Internal Assembled>

BSS


  Hunk #2 ( Far Public ) 64 Bytes (0x40)
  _IntuitionBase = 0 (0x0) unused, maybe local
    File Transfer:dev/Worldmap/WorldmapMCC/lib.o
  _GfxBase = 4 (0x4) unused, maybe local
    File Transfer:dev/Worldmap/WorldmapMCC/lib.o
  _UtilityBase = 8 (0x8) referenced 1 times
    File Transfer:dev/Worldmap/WorldmapMCC/lib.o
  _MUIMasterBase = 12 (0xc) unused, maybe local
    File Transfer:dev/Worldmap/WorldmapMCC/lib.o
  _TimerRequest = 16 (0x10) unused, maybe local
    File Transfer:dev/Worldmap/WorldmapMCC/lib.o
  _TimerBase = 56 (0x38) referenced 3 times
    File Boot:dev/c/StormC/StormSYS/lib/stormclibstartup020.lib

END
